2026-09-07T22:09:53.389145+00:00  run_start         run_id=f418a37f-20f9-41e4-9f2b-19f687f50188  engine_version=1.0  catalogue=control_catalogue.csv
2026-09-07T22:09:53.389145+00:00  rule_start        rule_id=DQ01  control_type=Completeness
2026-09-07T22:09:53.404770+00:00  dataset_loaded    dataset=orders  rows=11  columns=6  hash=6a77f291d95aabde  snapshot=snapshots/orders.csv
2026-09-07T22:09:53.404770+00:00  rule_done         rule_id=DQ01  status=FAIL  exceptions=1
2026-09-07T22:09:53.404770+00:00  rule_start        rule_id=DQ02  control_type=Validity
2026-09-07T22:09:53.420396+00:00  rule_done         rule_id=DQ02  status=FAIL  exceptions=1
2026-09-07T22:09:53.420396+00:00  rule_start        rule_id=DQ03  control_type=Uniqueness
2026-09-07T22:09:53.436022+00:00  rule_done         rule_id=DQ03  status=FAIL  exceptions=2
2026-09-07T22:09:53.436022+00:00  rule_start        rule_id=DQ04  control_type=Consistency
2026-09-07T22:09:53.436022+00:00  dataset_loaded    dataset=customers  rows=6  columns=4  hash=4e6706833d16b50c  snapshot=snapshots/customers.csv
2026-09-07T22:09:53.451646+00:00  rule_done         rule_id=DQ04  status=FAIL  exceptions=1
2026-09-07T22:09:53.451646+00:00  rule_start        rule_id=DQ05  control_type=Timeliness
2026-09-07T22:09:53.451646+00:00  rule_done         rule_id=DQ05  status=FAIL  exceptions=3
2026-09-07T22:09:53.451646+00:00  rule_start        rule_id=DQ06  control_type=Reconciliation
2026-09-07T22:09:53.467272+00:00  dataset_loaded    dataset=orders_reference  rows=10  columns=2  hash=a5d3f98dc8752228  snapshot=snapshots/orders_reference.csv
2026-09-07T22:09:53.482895+00:00  rule_done         rule_id=DQ06  status=FAIL  exceptions=1
2026-09-07T22:09:53.482895+00:00  rule_start        rule_id=DQ07  control_type=Validity
2026-09-07T22:09:53.482895+00:00  rule_done         rule_id=DQ07  status=PASS  exceptions=0
2026-09-07T22:09:54.025375+00:00  system_trace_written  
2026-09-07T22:09:54.025375+00:00  run_complete      rules=7  run_hash=994c7ff094bbef9a
