2026-09-08T10:32:10.095380+00:00  run_start         run_id=cd0d2124-46bc-4f9e-88a0-28a43d53f04a  engine_version=1.0  catalogue=control_catalogue.csv
2026-09-08T10:32:10.096278+00:00  rule_start        rule_id=DQ01  control_type=Completeness
2026-09-08T10:32:10.110291+00:00  dataset_loaded    dataset=orders  rows=11  columns=6  hash=6a77f291d95aabde  snapshot=snapshots/orders.csv
2026-09-08T10:32:10.116287+00:00  rule_done         rule_id=DQ01  status=FAIL  exceptions=1
2026-09-08T10:32:10.116710+00:00  rule_start        rule_id=DQ02  control_type=Validity
2026-09-08T10:32:10.121087+00:00  rule_done         rule_id=DQ02  status=FAIL  exceptions=1
2026-09-08T10:32:10.121462+00:00  rule_start        rule_id=DQ03  control_type=Uniqueness
2026-09-08T10:32:10.126133+00:00  rule_done         rule_id=DQ03  status=FAIL  exceptions=2
2026-09-08T10:32:10.126496+00:00  rule_start        rule_id=DQ04  control_type=Consistency
2026-09-08T10:32:10.134710+00:00  dataset_loaded    dataset=customers  rows=6  columns=4  hash=4e6706833d16b50c  snapshot=snapshots/customers.csv
2026-09-08T10:32:10.139873+00:00  rule_done         rule_id=DQ04  status=FAIL  exceptions=1
2026-09-08T10:32:10.140232+00:00  rule_start        rule_id=DQ05  control_type=Timeliness
2026-09-08T10:32:10.149352+00:00  rule_done         rule_id=DQ05  status=FAIL  exceptions=3
2026-09-08T10:32:10.149720+00:00  rule_start        rule_id=DQ06  control_type=Reconciliation
2026-09-08T10:32:10.157209+00:00  dataset_loaded    dataset=orders_reference  rows=10  columns=2  hash=a5d3f98dc8752228  snapshot=snapshots/orders_reference.csv
2026-09-08T10:32:10.173050+00:00  rule_done         rule_id=DQ06  status=FAIL  exceptions=1
2026-09-08T10:32:10.173415+00:00  rule_start        rule_id=DQ07  control_type=Validity
2026-09-08T10:32:10.175650+00:00  rule_done         rule_id=DQ07  status=PASS  exceptions=0
2026-09-08T10:32:11.074081+00:00  system_trace_written  
2026-09-08T10:32:11.099053+00:00  run_complete      rules=7  run_hash=f6d94bad8fe65ffd
