2026-09-08T10:32:05.462500+00:00  run_start         run_id=861b5a28-7ae3-4300-9337-05cc1d2e676a  engine_version=1.0  catalogue=control_catalogue.csv
2026-09-08T10:32:05.463472+00:00  rule_start        rule_id=DQ01  control_type=Completeness
2026-09-08T10:32:05.475563+00:00  dataset_loaded    dataset=orders  rows=11  columns=6  hash=6a77f291d95aabde  snapshot=snapshots/orders.csv
2026-09-08T10:32:05.480868+00:00  rule_done         rule_id=DQ01  status=FAIL  exceptions=1
2026-09-08T10:32:05.481521+00:00  rule_start        rule_id=DQ02  control_type=Validity
2026-09-08T10:32:05.486386+00:00  rule_done         rule_id=DQ02  status=FAIL  exceptions=1
2026-09-08T10:32:05.486870+00:00  rule_start        rule_id=DQ03  control_type=Uniqueness
2026-09-08T10:32:05.492297+00:00  rule_done         rule_id=DQ03  status=FAIL  exceptions=2
2026-09-08T10:32:05.492717+00:00  rule_start        rule_id=DQ04  control_type=Consistency
2026-09-08T10:32:05.500545+00:00  dataset_loaded    dataset=customers  rows=6  columns=4  hash=4e6706833d16b50c  snapshot=snapshots/customers.csv
2026-09-08T10:32:05.506864+00:00  rule_done         rule_id=DQ04  status=FAIL  exceptions=1
2026-09-08T10:32:05.507310+00:00  rule_start        rule_id=DQ05  control_type=Timeliness
2026-09-08T10:32:05.516509+00:00  rule_done         rule_id=DQ05  status=FAIL  exceptions=3
2026-09-08T10:32:05.516881+00:00  rule_start        rule_id=DQ06  control_type=Reconciliation
2026-09-08T10:32:05.524627+00:00  dataset_loaded    dataset=orders_reference  rows=10  columns=2  hash=a5d3f98dc8752228  snapshot=snapshots/orders_reference.csv
2026-09-08T10:32:05.539372+00:00  rule_done         rule_id=DQ06  status=FAIL  exceptions=1
2026-09-08T10:32:05.540402+00:00  rule_start        rule_id=DQ07  control_type=Validity
2026-09-08T10:32:05.542760+00:00  rule_done         rule_id=DQ07  status=PASS  exceptions=0
2026-09-08T10:32:06.200372+00:00  system_trace_written  
2026-09-08T10:32:06.228501+00:00  run_complete      rules=7  run_hash=6f7f6efcec7ae12c
