2026-09-08T10:32:10.976405+00:00  run_start         run_id=5010e8c6-c3ae-434a-a75a-53b367e3cd92  engine_version=1.0  catalogue=control_catalogue.csv
2026-09-08T10:32:10.977363+00:00  rule_start        rule_id=DQ01  control_type=Completeness
2026-09-08T10:32:10.990494+00:00  dataset_loaded    dataset=orders  rows=11  columns=6  hash=6a77f291d95aabde  snapshot=snapshots/orders.csv
2026-09-08T10:32:11.000327+00:00  rule_done         rule_id=DQ01  status=FAIL  exceptions=1
2026-09-08T10:32:11.000748+00:00  rule_start        rule_id=DQ02  control_type=Validity
2026-09-08T10:32:11.005415+00:00  rule_done         rule_id=DQ02  status=FAIL  exceptions=1
2026-09-08T10:32:11.005773+00:00  rule_start        rule_id=DQ03  control_type=Uniqueness
2026-09-08T10:32:11.010746+00:00  rule_done         rule_id=DQ03  status=FAIL  exceptions=2
2026-09-08T10:32:11.011131+00:00  rule_start        rule_id=DQ04  control_type=Consistency
2026-09-08T10:32:11.019485+00:00  dataset_loaded    dataset=customers  rows=6  columns=4  hash=4e6706833d16b50c  snapshot=snapshots/customers.csv
2026-09-08T10:32:11.024108+00:00  rule_done         rule_id=DQ04  status=FAIL  exceptions=1
2026-09-08T10:32:11.024432+00:00  rule_start        rule_id=DQ05  control_type=Timeliness
2026-09-08T10:32:11.032330+00:00  rule_done         rule_id=DQ05  status=FAIL  exceptions=3
2026-09-08T10:32:11.032623+00:00  rule_start        rule_id=DQ06  control_type=Reconciliation
2026-09-08T10:32:11.039708+00:00  dataset_loaded    dataset=orders_reference  rows=10  columns=2  hash=a5d3f98dc8752228  snapshot=snapshots/orders_reference.csv
2026-09-08T10:32:11.056039+00:00  rule_done         rule_id=DQ06  status=FAIL  exceptions=1
2026-09-08T10:32:11.056450+00:00  rule_start        rule_id=DQ07  control_type=Validity
2026-09-08T10:32:11.058685+00:00  rule_done         rule_id=DQ07  status=PASS  exceptions=0
2026-09-08T10:32:11.745421+00:00  system_trace_written  
2026-09-08T10:32:11.752349+00:00  run_complete      rules=7  run_hash=41b1669a5393a6cb
