2026-09-08T10:32:11.105346+00:00  run_start         run_id=69b44555-8f44-4889-a28f-6575c8549dd8  engine_version=1.0  catalogue=control_catalogue.csv
2026-09-08T10:32:11.106327+00:00  rule_start        rule_id=DQ01  control_type=Completeness
2026-09-08T10:32:11.119857+00:00  dataset_loaded    dataset=orders  rows=11  columns=6  hash=6a77f291d95aabde  snapshot=snapshots/orders.csv
2026-09-08T10:32:11.125347+00:00  rule_done         rule_id=DQ01  status=FAIL  exceptions=1
2026-09-08T10:32:11.125837+00:00  rule_start        rule_id=DQ02  control_type=Validity
2026-09-08T10:32:11.135405+00:00  rule_done         rule_id=DQ02  status=FAIL  exceptions=1
2026-09-08T10:32:11.136286+00:00  rule_start        rule_id=DQ03  control_type=Uniqueness
2026-09-08T10:32:11.141333+00:00  rule_done         rule_id=DQ03  status=FAIL  exceptions=2
2026-09-08T10:32:11.141716+00:00  rule_start        rule_id=DQ04  control_type=Consistency
2026-09-08T10:32:11.149898+00:00  dataset_loaded    dataset=customers  rows=6  columns=4  hash=4e6706833d16b50c  snapshot=snapshots/customers.csv
2026-09-08T10:32:11.154940+00:00  rule_done         rule_id=DQ04  status=FAIL  exceptions=1
2026-09-08T10:32:11.155340+00:00  rule_start        rule_id=DQ05  control_type=Timeliness
2026-09-08T10:32:11.164971+00:00  rule_done         rule_id=DQ05  status=FAIL  exceptions=3
2026-09-08T10:32:11.165481+00:00  rule_start        rule_id=DQ06  control_type=Reconciliation
2026-09-08T10:32:11.174726+00:00  dataset_loaded    dataset=orders_reference  rows=10  columns=2  hash=a5d3f98dc8752228  snapshot=snapshots/orders_reference.csv
2026-09-08T10:32:11.190397+00:00  rule_done         rule_id=DQ06  status=FAIL  exceptions=1
2026-09-08T10:32:11.190789+00:00  rule_start        rule_id=DQ07  control_type=Validity
2026-09-08T10:32:11.193097+00:00  rule_done         rule_id=DQ07  status=PASS  exceptions=0
2026-09-08T10:32:11.859278+00:00  system_trace_written  
2026-09-08T10:32:11.867870+00:00  run_complete      rules=7  run_hash=de92cce5e115277b
