2026-09-08T10:32:08.510116+00:00  run_start         run_id=ecea643b-3fb5-4986-9fe4-abb835dbc880  engine_version=1.0  catalogue=control_catalogue.csv
2026-09-08T10:32:08.511103+00:00  rule_start        rule_id=DQ01  control_type=Completeness
2026-09-08T10:32:08.522409+00:00  dataset_loaded    dataset=orders  rows=11  columns=6  hash=6a77f291d95aabde  snapshot=snapshots/orders.csv
2026-09-08T10:32:08.527843+00:00  rule_done         rule_id=DQ01  status=FAIL  exceptions=1
2026-09-08T10:32:08.528275+00:00  rule_start        rule_id=DQ02  control_type=Validity
2026-09-08T10:32:08.532455+00:00  rule_done         rule_id=DQ02  status=FAIL  exceptions=1
2026-09-08T10:32:08.532884+00:00  rule_start        rule_id=DQ03  control_type=Uniqueness
2026-09-08T10:32:08.537936+00:00  rule_done         rule_id=DQ03  status=FAIL  exceptions=2
2026-09-08T10:32:08.538360+00:00  rule_start        rule_id=DQ04  control_type=Consistency
2026-09-08T10:32:08.545868+00:00  dataset_loaded    dataset=customers  rows=6  columns=4  hash=4e6706833d16b50c  snapshot=snapshots/customers.csv
2026-09-08T10:32:08.550346+00:00  rule_done         rule_id=DQ04  status=FAIL  exceptions=1
2026-09-08T10:32:08.550831+00:00  rule_start        rule_id=DQ05  control_type=Timeliness
2026-09-08T10:32:08.560453+00:00  rule_done         rule_id=DQ05  status=FAIL  exceptions=3
2026-09-08T10:32:08.560886+00:00  rule_start        rule_id=DQ06  control_type=Reconciliation
2026-09-08T10:32:08.568988+00:00  dataset_loaded    dataset=orders_reference  rows=10  columns=2  hash=a5d3f98dc8752228  snapshot=snapshots/orders_reference.csv
2026-09-08T10:32:08.586882+00:00  rule_done         rule_id=DQ06  status=FAIL  exceptions=1
2026-09-08T10:32:08.587311+00:00  rule_start        rule_id=DQ07  control_type=Validity
2026-09-08T10:32:08.589635+00:00  rule_done         rule_id=DQ07  status=PASS  exceptions=0
2026-09-08T10:32:09.241113+00:00  system_trace_written  
2026-09-08T10:32:09.249497+00:00  run_complete      rules=7  run_hash=63c7f88d289623b4
