2026-09-08T10:32:08.952770+00:00  run_start         run_id=39c25130-4235-40a0-b2a9-de60da3ffd83  engine_version=1.0  catalogue=control_catalogue.csv
2026-09-08T10:32:08.953711+00:00  rule_start        rule_id=DQ01  control_type=Completeness
2026-09-08T10:32:08.966202+00:00  dataset_loaded    dataset=orders  rows=11  columns=6  hash=6a77f291d95aabde  snapshot=snapshots/orders.csv
2026-09-08T10:32:08.972194+00:00  rule_done         rule_id=DQ01  status=FAIL  exceptions=1
2026-09-08T10:32:08.972610+00:00  rule_start        rule_id=DQ02  control_type=Validity
2026-09-08T10:32:08.977233+00:00  rule_done         rule_id=DQ02  status=FAIL  exceptions=1
2026-09-08T10:32:08.977640+00:00  rule_start        rule_id=DQ03  control_type=Uniqueness
2026-09-08T10:32:08.983044+00:00  rule_done         rule_id=DQ03  status=FAIL  exceptions=2
2026-09-08T10:32:08.983467+00:00  rule_start        rule_id=DQ04  control_type=Consistency
2026-09-08T10:32:08.991108+00:00  dataset_loaded    dataset=customers  rows=6  columns=4  hash=4e6706833d16b50c  snapshot=snapshots/customers.csv
2026-09-08T10:32:08.995536+00:00  rule_done         rule_id=DQ04  status=FAIL  exceptions=1
2026-09-08T10:32:08.995919+00:00  rule_start        rule_id=DQ05  control_type=Timeliness
2026-09-08T10:32:09.005791+00:00  rule_done         rule_id=DQ05  status=FAIL  exceptions=3
2026-09-08T10:32:09.006190+00:00  rule_start        rule_id=DQ06  control_type=Reconciliation
2026-09-08T10:32:09.013504+00:00  dataset_loaded    dataset=orders_reference  rows=10  columns=2  hash=a5d3f98dc8752228  snapshot=snapshots/orders_reference.csv
2026-09-08T10:32:09.030803+00:00  rule_done         rule_id=DQ06  status=FAIL  exceptions=1
2026-09-08T10:32:09.031218+00:00  rule_start        rule_id=DQ07  control_type=Validity
2026-09-08T10:32:09.033910+00:00  rule_done         rule_id=DQ07  status=PASS  exceptions=0
2026-09-08T10:32:09.755965+00:00  system_trace_written  
2026-09-08T10:32:09.889534+00:00  run_complete      rules=7  run_hash=5dd78f8cd7a2661b
