2026-09-08T10:32:04.570631+00:00  run_start         run_id=8defbb6e-8272-4c75-a7a1-46e6451f8f85  engine_version=1.0  catalogue=control_catalogue.csv
2026-09-08T10:32:04.571857+00:00  rule_start        rule_id=DQ01  control_type=Completeness
2026-09-08T10:32:04.582143+00:00  dataset_loaded    dataset=orders  rows=11  columns=6  hash=6a77f291d95aabde  snapshot=snapshots/orders.csv
2026-09-08T10:32:04.588286+00:00  rule_done         rule_id=DQ01  status=FAIL  exceptions=1
2026-09-08T10:32:04.588874+00:00  rule_start        rule_id=DQ02  control_type=Validity
2026-09-08T10:32:04.593238+00:00  rule_done         rule_id=DQ02  status=FAIL  exceptions=1
2026-09-08T10:32:04.593633+00:00  rule_start        rule_id=DQ03  control_type=Uniqueness
2026-09-08T10:32:04.598997+00:00  rule_done         rule_id=DQ03  status=FAIL  exceptions=2
2026-09-08T10:32:04.599351+00:00  rule_start        rule_id=DQ04  control_type=Consistency
2026-09-08T10:32:04.606291+00:00  dataset_loaded    dataset=customers  rows=6  columns=4  hash=4e6706833d16b50c  snapshot=snapshots/customers.csv
2026-09-08T10:32:04.610465+00:00  rule_done         rule_id=DQ04  status=FAIL  exceptions=1
2026-09-08T10:32:04.610840+00:00  rule_start        rule_id=DQ05  control_type=Timeliness
2026-09-08T10:32:04.619607+00:00  rule_done         rule_id=DQ05  status=FAIL  exceptions=3
2026-09-08T10:32:04.619976+00:00  rule_start        rule_id=DQ06  control_type=Reconciliation
2026-09-08T10:32:04.627997+00:00  dataset_loaded    dataset=orders_reference  rows=10  columns=2  hash=a5d3f98dc8752228  snapshot=snapshots/orders_reference.csv
2026-09-08T10:32:04.643985+00:00  rule_done         rule_id=DQ06  status=FAIL  exceptions=1
2026-09-08T10:32:04.644349+00:00  rule_start        rule_id=DQ07  control_type=Validity
2026-09-08T10:32:04.646555+00:00  rule_done         rule_id=DQ07  status=PASS  exceptions=0
2026-09-08T10:32:05.160404+00:00  system_trace_written  
2026-09-08T10:32:05.166871+00:00  run_complete      rules=7  run_hash=cde9ee36cb3c77dc
